[BootStrap]
File1=1,,setup1.ex_,setup1.exe,$(WinPath),,,2/20/1997 0:00:00,167424,5.0.0.3716,"","",""
File2=1,,VB5StKit.dl_,VB5StKit.dll,$(WinSysPath),,$(Shared),2/20/1997 0:00:00,29696,5.0.37.16,"","",""
File3=1,,VB5ES.dl_,VB5ES.dll,$(WinSysPath),,$(Shared),1/28/2003 14:49:46,96768,5.0.43.19,"","",""
File4=1,,MSVBVM50.dl_,MSVBVM50.dll,$(WinSysPathSysFile),$(DLLSelfRegister),,8/23/2001 0:00:00,1355776,5.2.82.44,"","",""
File5=1,,StdOle2.tl_,StdOle2.tlb,$(WinSysPathSysFile),$(TLBRegister),,2/20/1997 0:00:00,16896,2.20.4054.1,"","",""
File6=1,,OleAut32.dl_,OleAut32.dll,$(WinSysPathSysFile),$(DLLSelfRegister),,2/20/1997 0:00:00,491792,2.20.4054.1,"","",""
File7=1,,olepro32.dl_,olepro32.dll,$(WinSysPathSysFile),$(DLLSelfRegister),,2/20/1997 0:00:00,32528,5.0.4055.1,"","",""
File8=1,,AsycFilt.dl_,AsycFilt.dll,$(WinSysPathSysFile),,,2/20/1997 0:00:00,120592,2.20.4056.1,"","",""
File9=1,,Ctl3d32.dl_,Ctl3d32.dll,$(WinSysPathSysFile),,,2/20/1997 0:00:00,27136,2.31.0.0,"","",""
File10=1,,ComCat.dl_,ComCat.dll,$(WinSysPathSysFile),$(DLLSelfRegister),,2/20/1997 0:00:00,22288,4.71.1441.1,"","",""
[Files]
File1=1,,DAO350.DL_,DAO350.DLL,$(MSDAOPath),$(DLLSelfRegister),$(Shared),2/19/1997 19:00:00,582144,3.50.3602.0,"","",""
File2=1,,MSJtEr35.dl_,MSJtEr35.dll,$(WinSysPathSysFile),,,2/19/1997 19:00:00,24336,3.50.3602.0,"","",""
File3=1,,MSJInt35.dl_,MSJInt35.dll,$(WinSysPathSysFile),,,2/19/1997 19:00:00,40208,3.50.3602.5,"","",""
File4=1,,MSVCRT40.dl_,MSVCRT40.dll,$(WinSysPathSysFile),,,2/20/1997 0:00:00,326656,4.10.0.6038,"","",""
File5=1,,MSCOMCTL.OC_,MSCOMCTL.OCX,$(WinSysPath),$(DLLSelfRegister),$(Shared),12/9/2015 18:58:16,1070232,6.1.98.46,"","",""
File6=1,,CRYSTL32.OC_,CRYSTL32.OCX,$(WinSysPath),$(DLLSelfRegister),$(Shared),2/20/1997 0:00:00,187664,4.6.37.14,"","",""
File7=1,,CC245ES.DL_,CC245ES.DLL,$(WinSysPath),,$(Shared),2/20/1997 0:00:00,25600,4.6.37.14,"","",""
File8=1,,CRPE32.DL_,CRPE32.DLL,$(WinSysPath),,$(Shared),2/20/1997 0:00:00,1847808,4.6.1.122,"","",""
File9=1,,CR2C40ES.DL_,CR2C40ES.DLL,$(WinSysPath),,$(Shared),2/20/1997 0:00:00,687616,4.6.1.0,"","",""
File10=1,,IMPLODE.DL_,IMPLODE.DLL,$(WinSysPath),,$(Shared),2/20/1997 0:00:00,18944,1.0.0.1,"","",""
File11=1,,PG32.DL_,PG32.DLL,$(WinSysPath),,$(Shared),2/20/1997 0:00:00,979456,1.0.0.11,"","",""
File12=1,,CO2C40EN.DL_,CO2C40EN.DLL,$(WinSysPath),,$(Shared),2/20/1997 0:00:00,749184,4.6.1.106,"","",""
File13=1,,MSVCRT20.DL_,MSVCRT20.DLL,$(WinSysPathSysFile),,,2/20/1997 0:00:00,253952,2.11.0.0,"","",""
File14=1,,CRXLAT32.DL_,CRXLAT32.DLL,$(WinPath)\Crystal,,$(Shared),2/20/1997 0:00:00,39936,4.6.1.106,"","",""
File15=1,,P2BBND.DL_,P2BBND.DLL,$(WinSysPath),,$(Shared),2/20/1997 0:00:00,36352,4.6.1.106,"","",""
File16=1,,P3D4BDES.DL_,P3D4BDES.DLL,$(WinSysPath),,$(Shared),2/20/1997 0:00:00,15872,4.6.1.0,"","",""
File17=1,,P2BDAO.DL_,P2BDAO.DLL,$(WinSysPath),,$(Shared),2/20/1997 0:00:00,87040,4.6.1.112,"","",""
File18=1,,P3BDAOES.DL_,P3BDAOES.DLL,$(WinSysPath),,$(Shared),2/20/1997 0:00:00,12800,4.6.1.120,"","",""
File19=1,,P2CTDAO.DL_,P2CTDAO.DLL,$(WinSysPath),,$(Shared),2/20/1997 0:00:00,50176,4.6.1.106,"","",""
File20=1,,P3CDAOES.DL_,P3CDAOES.DLL,$(WinSysPath),,$(Shared),2/20/1997 0:00:00,12288,4.6.1.120,"","",""
File21=1,,P2IRDAO.DL_,P2IRDAO.DLL,$(WinSysPath),,$(Shared),2/20/1997 0:00:00,54272,4.6.1.106,"","",""
File22=1,,P3RDAOES.DL_,P3RDAOES.DLL,$(WinSysPath),,$(Shared),2/20/1997 0:00:00,12288,4.6.1.120,"","",""
File23=1,,P2SODBC.DL_,P2SODBC.DLL,$(WinSysPath),,$(Shared),2/20/1997 0:00:00,131072,4.6.1.106,"","",""
File24=1,,P3S4ODES.DL_,P3S4ODES.DLL,$(WinSysPath),,$(Shared),2/20/1997 0:00:00,20992,4.6.1.0,"","",""
File25=1,,U2DDISK.DL_,U2DDISK.DLL,$(WinPath)\Crystal,,$(Shared),2/20/1997 0:00:00,45056,4.6.1.106,"","",""
File26=1,,X2D4DKES.DL_,X2D4DKES.DLL,$(WinPath)\Crystal,,$(Shared),2/20/1997 0:00:00,16384,4.5.0.123,"","",""
File27=1,,U2DMAPI.DL_,U2DMAPI.DLL,$(WinPath)\Crystal,,$(Shared),2/20/1997 0:00:00,124256,4.6.1.106,"","",""
File28=1,,X2D4MPES.DL_,X2D4MPES.DLL,$(WinPath)\Crystal,,$(Shared),2/20/1997 0:00:00,17408,4.5.0.123,"","",""
File29=1,,U2FCR.DL_,U2FCR.DLL,$(WinPath)\Crystal,,$(Shared),2/20/1997 0:00:00,97489,4.6.1.106,"","",""
File30=1,,X2F4CRES.DL_,X2F4CRES.DLL,$(WinPath)\Crystal,,$(Shared),2/20/1997 0:00:00,16384,4.5.0.123,"","",""
File31=1,,U2FDIF.DL_,U2FDIF.DLL,$(WinPath)\Crystal,,$(Shared),2/20/1997 0:00:00,49152,4.6.1.106,"","",""
File32=1,,X2F4DFES.DL_,X2F4DFES.DLL,$(WinPath)\Crystal,,$(Shared),2/20/1997 0:00:00,16896,4.5.0.123,"","",""
File33=1,,U2FHTML.DL_,U2FHTML.DLL,$(WinPath)\Crystal,,$(Shared),2/20/1997 0:00:00,109568,4.6.1.106,"","",""
File34=1,,X2F4HTES.DL_,X2F4HTES.DLL,$(WinPath)\Crystal,,$(Shared),2/20/1997 0:00:00,20480,4.5.0.123,"","",""
File35=1,,U2FREC.DL_,U2FREC.DLL,$(WinPath)\Crystal,,$(Shared),2/20/1997 0:00:00,49152,4.6.1.106,"","",""
File36=1,,X2F4RCES.DL_,X2F4RCES.DLL,$(WinPath)\Crystal,,$(Shared),2/20/1997 0:00:00,16896,4.5.0.123,"","",""
File37=1,,U2FRTF.DL_,U2FRTF.DLL,$(WinPath)\Crystal,,$(Shared),2/20/1997 0:00:00,153761,4.6.1.106,"","",""
File38=1,,X2F4RTES.DL_,X2F4RTES.DLL,$(WinPath)\Crystal,,$(Shared),2/20/1997 0:00:00,16384,4.5.0.123,"","",""
File39=1,,U2FSEPV.DL_,U2FSEPV.DLL,$(WinPath)\Crystal,,$(Shared),2/20/1997 0:00:00,53248,4.6.1.106,"","",""
File40=1,,X2F4SVES.DL_,X2F4SVES.DLL,$(WinPath)\Crystal,,$(Shared),2/20/1997 0:00:00,17408,4.5.0.123,"","",""
File41=1,,U2FTEXT.DL_,U2FTEXT.DLL,$(WinPath)\Crystal,,$(Shared),2/20/1997 0:00:00,53248,4.6.1.106,"","",""
File42=1,,X2F4TXES.DL_,X2F4TXES.DLL,$(WinPath)\Crystal,,$(Shared),2/20/1997 0:00:00,16384,4.5.0.123,"","",""
File43=1,,U2FWKS.DL_,U2FWKS.DLL,$(WinPath)\Crystal,,$(Shared),2/20/1997 0:00:00,53248,4.6.1.106,"","",""
File44=1,,X2F4WKES.DL_,X2F4WKES.DLL,$(WinPath)\Crystal,,$(Shared),2/20/1997 0:00:00,16896,4.5.0.123,"","",""
File45=1,,U2FWORDW.DL_,U2FWORDW.DLL,$(WinPath)\Crystal,,$(Shared),2/20/1997 0:00:00,69632,4.6.1.106,"","",""
File46=1,,X2F4WDES.DL_,X2F4WDES.DLL,$(WinPath)\Crystal,,$(Shared),2/20/1997 0:00:00,16896,4.5.0.123,"","",""
File47=1,,U2FXLS.DL_,U2FXLS.DLL,$(WinPath)\Crystal,,$(Shared),2/20/1997 0:00:00,69632,4.6.1.106,"","",""
File48=1,,X2F4XLES.DL_,X2F4XLES.DLL,$(WinPath)\Crystal,,$(Shared),2/20/1997 0:00:00,16896,4.5.0.123,"","",""
File49=1,,DBGRID32.OC_,DBGRID32.OCX,$(WinSysPath),$(DLLSelfRegister),$(Shared),6/26/1998 19:22:24,525352,5.1.81.4,"","",""
File50=1,,tabctl32.oc_,tabctl32.ocx,$(WinSysPath),$(DLLSelfRegister),$(Shared),12/6/2000 17:02:36,209608,6.0.90.43,"","",""
File51=1,,MSFlxGrd.oc_,MSFlxGrd.ocx,$(WinSysPath),$(DLLSelfRegister),$(Shared),3/24/2009 2:22:36,258880,6.1.98.14,"","",""
File52=1,,MSMASK32.OC_,MSMASK32.OCX,$(WinSysPath),$(DLLSelfRegister),$(Shared),2/20/1997 0:00:00,165136,5.0.37.14,"","",""
File53=1,,comdlg32.oc_,comdlg32.ocx,$(WinSysPath),$(DLLSelfRegister),$(Shared),5/22/2000 15:58:00,140488,6.0.84.18,"","",""
File54=1,,MSCOMM32.OC_,MSCOMM32.OCX,$(WinSysPath),$(DLLSelfRegister),$(Shared),2/20/1997 0:00:00,97040,5.0.37.14,"","",""
File55=1,,msinet.oc_,msinet.ocx,$(WinSysPath),$(DLLSelfRegister),$(Shared),6/24/1998 0:00:00,115016,6.0.81.69,"","",""
File56=1,,dblist32.oc_,dblist32.ocx,$(WinSysPath),$(DLLSelfRegister),$(Shared),6/24/1998 9:55:28,200496,6.0.81.69,"","",""
File57=1,,wininet.dl_,wininet.dll,$(WinSysPath),,$(Shared),6/10/2016 13:45:19,2392576,11.0.9600.18377,"","",""
File58=1,,gdiplus.DL_,gdiplus.DLL,$(WinSysPath),,$(Shared),3/29/2016 14:25:53,1627648,6.1.7601.23407,"","",""
File59=1,,msvbvm60.dl_,msvbvm60.dll,$(WinSysPath),$(DLLSelfRegister),$(Shared),7/13/2009 21:15:50,1386496,6.0.98.15,"","",""
File60=1,,MSJet35.dl_,MSJet35.dll,$(WinSysPathSysFile),$(DLLSelfRegister),,2/19/1997 19:00:00,1039360,3.50.3602.4,"","",""
File61=1,,VBAJet32.dl_,VBAJet32.dll,$(WinSysPathSysFile),,,7/13/2009 21:16:17,30749,6.0.1.9431,"","",""
File62=1,,VB5DB.dl_,VB5DB.dll,$(WinSysPath),,$(Shared),6/18/1998 10:33:14,89360,6.0.81.69,"","",""
File63=1,,MSRD2x35.dl_,MSRD2x35.dll,$(WinSysPathSysFile),$(DLLSelfRegister),,2/19/1997 19:00:00,251664,3.50.3602.0,"","",""
File64=1,,MsRepl35.dl_,MsRepl35.dll,$(WinSysPathSysFile),,,2/19/1997 19:00:00,403216,3.50.3602.0,"","",""
File65=1,,ODBCJt32.dl_,ODBCJt32.dll,$(WinSysPathSysFile),,,6/15/2011 4:55:19,319488,6.1.7601.17632,"","",""
File66=1,,ODBCJI32.dl_,ODBCJI32.dll,$(WinSysPathSysFile),,,7/13/2009 21:16:11,24576,6.1.7600.16385,"","",""
File67=1,,ODBCTL32.dl_,ODBCTL32.dll,$(WinSysPathSysFile),,,2/19/1997 19:00:00,77824,3.50.3602.0,"","",""
File68=1,,scp.ex_,scp.exe,$(AppPath),,,7/29/2016 15:06:49,5507584,1.0.0.0,"","scp_delgado","$(AppPath)\scp.exe"

[Setup]
Title=scp_delgado
DefProgramGroup=scp_delgado
DefaultDir=$(ProgramFiles)\scp_delgado
Setup=setup1.exe
AppExe=scp.exe
AppToUninstall=scp.exe
AppPath=

; Puede eliminar las siguientes líneas para obtener espacio adicional 
; con el fin de personalizar este archivo en un disco de instalación completa.
; 
; XXXXXXXXXXXXXXXXXXXXXXXXXXXXXXXXXXXXXXXXXXXXXXXXXXXXXXXXXXXX
; XXXXXXXXXXXXXXXXXXXXXXXXXXXXXXXXXXXXXXXXXXXXXXXXXXXXXXXXXXXX
; XXXXXXXXXXXXXXXXXXXXXXXXXXXXXXXXXXXXXXXXXXXXXXXXXXXXXXXXXXXX
; XXXXXXXXXXXXXXXXXXXXXXXXXXXXXXXXXXXXXXXXXXXXXXXXXXXXXXXXXXXX
; XXXXXXXXXXXXXXXXXXXXXXXXXXXXXXXXXXXXXXXXXXXXXXXXXXXXXXXXXXXX
; XXXXXXXXXXXXXXXXXXXXXXXXXXXXXXXXXXXXXXXXXXXXXXXXXXXXXXXXXXXX
; XXXXXXXXXXXXXXXXXXXXXXXXXXXXXXXXXXXXXXXXXXXXXXXXXXXXXXXXXXXX
; XXXXXXXXXXXXXXXXXXXXXXXXXXXXXXXXXXXXXXXXXXXXXXXXXXXXXXXXXXXX
; XXXXXXXXXXXXXXXXXXXXXXXXXXXXXXXXXXXXXXXXXXXXXXXXXXXXXXXXXXXX
; XXXXXXXXXXXXXXXXXXXXXXXXXXXXXXXXXXXXXXXXXXXXXXXXXXXXXXXXXXXX
; XXXXXXXXXXXXXXXXXXXXXXXXXXXXXXXXXXXXXXXXXXXXXXXXXXXXXXXXXXXX
; XXXXXXXXXXXXXXXXXXXXXXXXXXXXXXXXXXXXXXXXXXXXXXXXXXXXXXXXXXXX
; XXXXXXXXXXXXXXXXXXXXXXXXXXXXXXXXXXXXXXXXXXXXXXXXXXXXXXXXXXXX
; XXXXXXXXXXXXXXXXXXXXXXXXXXXXXXXXXXXXXXXXXXXXXXXXXXXXXXXXXXXX
; XXXXXXXXXXXXXXXXXXXXXXXXXXXXXXXXXXXXXXXXXXXXXXXXXXXXXXXXXXXX
; XXXXXXXXXXXXXXXXXXXXXXXXXXXXXXXXXXXXXXXXXXXXXXXXXXXXXXXXXXXX
; XXXXXXXXXXXXXXXXXXXXXXXXXXXXXXXXXXXXXXXXXXXXXXXXXXXXXXXXXXXX
; XXXXXXXXXXXXXXXXXXXXXXXXXXXXXXXXXXXXXXXXXXXXXXXXXXXXXXXXXXXX
; XXXXXXXXXXXXXXXXXXXXXXXXXXXXXXXXXXXXXXXXXXXXXXXXXXXXXXXXXXXX
; XXXXXXXXXXXXXXXXXXXXXXXXXXXXXXXXXXXXXXXXXXXXXXXXXXXXXXXXXXXX
; XXXXXXXXXXXXXXXXXXXXXXXXXXXXXXXXXXXXXXXXXXXXXXXXXXXXXXXXXXXX
; XXXXXXXXXXXXXXXXXXXXXXXXXXXXXXXXXXXXXXXXXXXXXXXXXXXXXXXXXXXX
; XXXXXXXXXXXXXXXXXXXXXXXXXXXXXXXXXXXXXXXXXXXXXXXXXXXXXXXXXXXX
; XXXXXXXXXXXXXXXXXXXXXXXXXXXXXXXXXXXXXXXXXXXXXXXXXXXXXXXXXXXX
; XXXXXXXXXXXXXXXXXXXXXXXXXXXXXXXXXXXXXXXXXXXXXXXXXXXXXXXXXXXX
; XXXXXXXXXXXXXXXXXXXXXXXXXXXXXXXXXXXXXXXXXXXXXXXXXXXXXXXXXXXX
; XXXXXXXXXXXXXXXXXXXXXXXXXXXXXXXXXXXXXXXXXXXXXXXXXXXXXXXXXXXX
; XXXXXXXXXXXXXXXXXXXXXXXXXXXXXXXXXXXXXXXXXXXXXXXXXXXXXXXXXXXX
; XXXXXXXXXXXXXXXXXXXXXXXXXXXXXXXXXXXXXXXXXXXXXXXXXXXXXXXXXXXX
; XXXXXXXXXXXXXXXXXXXXXXXXXXXXXXXXXXXXXXXXXXXXXXXXXXXXXXXXXXXX
; XXXXXXXXXXXXXXXXXXXXXXXXXXXXXXXXXXXXXXXXXXXXXXXXXXXXXXXXXXXX
; XXXXXXXXXXXXXXXXXXXXXXXXXXXXXXXXXXXXXXXXXXXXXXXXXXXXXXXXXXXX
; XXXXXXXXXXXXXXXXXXXXXXXXXXXXXXXXXXXXXXXXXXXXXXXXXXXXXXXXXXXX
; XXXXXXXXXXXXXXXXXXXXXXXXXXXXXXXXXXXXXXXXXXXXXXXXXXXXXXXXXXXX
; XXXXXXXXXXXXXXXXXXXXXXXXXXXXXXXXXXXXXXXXXXXXXXXXXXXXXXXXXXXX
; XXXXXXXXXXXXXXXXXXXXXXXXXXXXXXXXXXXXXXXXXXXXXXXXXXXXXXXXXXXX
; XXXXXXXXXXXXXXXXXXXXXXXXXXXXXXXXXXXXXXXXXXXXXXXXXXXXXXXXXXXX
; XXXXXXXXXXXXXXXXXXXXXXXXXXXXXXXXXXXXXXXXXXXXXXXXXXXXXXXXXXXX
; XXXXXXXXXXXXXXXXXXXXXXXXXXXXXXXXXXXXXXXXXXXXXXXXXXXXXXXXXXXX
; XXXXXXXXXXXXXXXXXXXXXXXXXXXXXXXXXXXXXXXXXXXXXXXXXXXXXXXXXXXX
; XXXXXXXXXXXXXXXXXXXXXXXXXXXXXXXXXXXXXXXXXXXXXXXXXXXXXXXXXXXX
; XXXXXXXXXXXXXXXXXXXXXXXXXXXXXXXXXXXXXXXXXXXXXXXXXXXXXXXXXXXX
; XXXXXXXXXXXXXXXXXXXXXXXXXXXXXXXXXXXXXXXXXXXXXXXXXXXXXXXXXXXX
; XXXXXXXXXXXXXXXXXXXXXXXXXXXXXXXXXXXXXXXXXXXXXXXXXXXXXXXXXXXX
; XXXXXXXXXXXXXXXXXXXXXXXXXXXXXXXXXXXXXXXXXXXXXXXXXXXXXXXXXXXX
; XXXXXXXXXXXXXXXXXXXXXXXXXXXXXXXXXXXXXXXXXXXXXXXXXXXXXXXXXXXX
; XXXXXXXXXXXXXXXXXXXXXXXXXXXXXXXXXXXXXXXXXXXXXXXXXXXXXXXXXXXX
; XXXXXXXXXXXXXXXXXXXXXXXXXXXXXXXXXXXXXXXXXXXXXXXXXXXXXXXXXXXX
; XXXXXXXXXXXXXXXXXXXXXXXXXXXXXXXXXXXXXXXXXXXXXXXXXXXXXXXXXXXX
; XXXXXXXXXXXXXXXXXXXXXXXXXXXXXXXXXXXXXXXXXXXXXXXXXXXXXXXXXXXX
; XXXXXXXXXXXXXXXXXXXXXXXXXXXXXXXXXXXXXXXXXXXXXXXXXXXXXXXXXXXX
; XXXXXXXXXXXXXXXXXXXXXXXXXXXXXXXXXXXXXXXXXXXXXXXXXXXXXXXXXXXX
; XXXXXXXXXXXXXXXXXXXXXXXXXXXXXXXXXXXXXXXXXXXXXXXXXXXXXXXXXXXX
; XXXXXXXXXXXXXXXXXXXXXXXXXXXXXXXXXXXXXXXXXXXXXXXXXXXXXXXXXXXX
; XXXXXXXXXXXXXXXXXXXXXXXXXXXXXXXXXXXXXXXXXXXXXXXXXXXXXXXXXXXX
; XXXXXXXXXXXXXXXXXXXXXXXXXXXXXXXXXXXXXXXXXXXXXXXXXXXXXXXXXXXX
; XXXXXXXXXXXXXXXXXXXXXXXXXXXXXXXXXXXXXXXXXXXXXXXXXXXXXXXXXXXX
; XXXXXXXXXXXXXXXXXXXXXXXXXXXXXXXXXXXXXXXXXXXXXXXXXXXXXXXXXXXX
; XXXXXXXXXXXXXXXXXXXXXXXXXXXXXXXXXXXXXXXXXXXXXXXXXXXXXXXXXXXX
; XXXXXXXXXXXXXXXXXXXXXXXXXXXXXXXXXXXXXXXXXXXXXXXXXXXXXXXXXXXX
; XXXXXXXXXXXXXXXXXXXXXXXXXXXXXXXXXXXXXXXXXXXXXXXXXXXXXXXXXXXX
; XXXXXXXXXXXXXXXXXXXXXXXXXXXXXXXXXXXXXXXXXXXXXXXXXXXXXXXXXXXX
; XXXXXXXXXXXXXXXXXXXXXXXXXXXXXXXXXXXXXXXXXXXXXXXXXXXXXXXXXXXX
; XXXXXXXXXXXXXXXXXXXXXXXXXXXXXXXXXXXXXXXXXXXXXXXXXXXXXXXXXXXX
; XXXXXXXXXXXXXXXXXXXXXXXXXXXXXXXXXXXXXXXXXXXXXXXXXXXXXXXXXXXX
; XXXXXXXXXXXXXXXXXXXXXXXXXXXXXXXXXXXXXXXXXXXXXXXXXXXXXXXXXXXX
; XXXXXXXXXXXXXXXXXXXXXXXXXXXXXXXXXXXXXXXXXXXXXXXXXXXXXXXXXXXX
; XXXXXXXXXXXXXXXXXXXXXXXXXXXXXXXXXXXXXXXXXXXXXXXXXXXXXXXXXXXX
; XXXXXXXXXXXXXXXXXXXXXXXXXXXXXXXXXXXXXXXXXXXXXXXXXXXXXXXXXXXX
; XXXXXXXXXXXXXXXXXXXXXXXXXXXXXXXXXXXXXXXXXXXXXXXXXXXXXXXXXXXX
; XXXXXXXXXXXXXXXXXXXXXXXXXXXXXXXXXXXXXXXXXXXXXXXXXXXXXXXXXXXX
; XXXXXXXXXXXXXXXXXXXXXXXXXXXXXXXXXXXXXXXXXXXXXXXXXXXXXXXXXXXX
; XXXXXXXXXXXXXXXXXXXXXXXXXXXXXXXXXXXXXXXXXXXXXXXXXXXXXXXXXXXX
; XXXXXXXXXXXXXXXXXXXXXXXXXXXXXXXXXXXXXXXXXXXXXXXXXXXXXXXXXXXX
; XXXXXXXXXXXXXXXXXXXXXXXXXXXXXXXXXXXXXXXXXXXXXXXXXXXXXXXXXXXX
; XXXXXXXXXXXXXXXXXXXXXXXXXXXXXXXXXXXXXXXXXXXXXXXXXXXXXXXXXXXX
; XXXXXXXXXXXXXXXXXXXXXXXXXXXXXXXXXXXXXXXXXXXXXXXXXXXXXXXXXXXX
; XXXXXXXXXXXXXXXXXXXXXXXXXXXXXXXXXXXXXXXXXXXXXXXXXXXXXXXXXXXX
; XXXXXXXXXXXXXXXXXXXXXXXXXXXXXXXXXXXXXXXXXXXXXXXXXXXXXXXXXXXX
; XXXXXXXXXXXXXXXXXXXXXXXXXXXXXXXXXXXXXXXXXXXXXXXXXXXXXXXXXXXX
; XXXXXXXXXXXXXXXXXXXXXXXXXXXXXXXXXXXXXXXXXXXXXXXXXXXXXXXXXXXX
; XXXXXXXXXXXXXXXXXXXXXXXXXXXXXXXXXXXXXXXXXXXXXXXXXXXXXXXXXXXX
; XXXXXXXXXXXXXXXXXXXXXXXXXXXXXXXXXXXXXXXXXXXXXXXXXXXXXXXXXXXX
; XXXXXXXXXXXXXXXXXXXXXXXXXXXXXXXXXXXXXXXXXXXXXXXXXXXXXXXXXXXX
; XXXXXXXXXXXXXXXXXXXXXXXXXXXXXXXXXXXXXXXXXXXXXXXXXXXXXXXXXXXX
; XXXXXXXXXXXXXXXXXXXXXXXXXXXXXXXXXXXXXXXXXXXXXXXXXXXXXXXXXXXX
